// Jest Snapshot v1, https://goo.gl/fbAQLP

exports[`Generate Nexus Index Should back with all models Index 1`] = `
"export * from './Post'
export * from './User'
"
`;
