// Jest Snapshot v1, https://goo.gl/fbAQLP

exports[`Generate Json Object For Admin Tables Should back with Json Settings 1`] = `
{
  "enums": [],
  "models": [],
}
`;
