// Jest Snapshot v1, https://goo.gl/fbAQLP

exports[`Generate Graphql queries And mutations for Frontend Should back User model graphql with custom exclude 1`] = `{}`;

exports[`Generate Graphql queries And mutations for Frontend Should back with all models 1`] = `{}`;
