// Jest Snapshot v1, https://goo.gl/fbAQLP

exports[`Generate Admin Files Should back with models pages 1`] = `{}`;
