// Jest Snapshot v1, https://goo.gl/fbAQLP

exports[`test the Prisma Reader class read prisma enums 1`] = `
Array [
  "
enum Role {
  ADMIN
  USER
}
",
]
`;

exports[`test the Prisma Reader class read prisma model documentation 1`] = `"// User modal documentation"`;

exports[`test the Prisma Reader class read prisma models 1`] = `
Array [
  "
model User {
  id          Int      @id @default(autoincrement())
  createdAt   DateTime @default(now())
  email       String   @unique
  name        String?
  // password documentation
  // password second line documentation
  password    String
  permissions Json     @default(\\"{}\\")
  posts       Post[]
}
",
  "
model Post {
  id        Int      @id @default(autoincrement())
  published Boolean  @default(false)
  title     String
  author    User?    @relation(fields: [authorId], references: [id])
  authorId  Int?
  createdAt DateTime @default(now())
  updatedAt DateTime @updatedAt
}
",
]
`;
