// Jest Snapshot v1, https://goo.gl/fbAQLP

exports[`Generate Modules App Should back with App File 1`] = `
"import { PostModule } from './Post/Post.module'
import { UserModule } from './User/User.module'
import { createApplication } from 'graphql-modules'
import { InputsModule } from './inputs/inputs.module'
import { CommonModule } from './common/common.module'
import { addSelect } from './addSelect'
import { PrismaProvider } from './Prisma.provider'

export const application = createApplication({
  modules: [InputsModule, CommonModule, UserModule, PostModule],
  providers: [PrismaProvider],
  middlewares: {
    '*': { '*': [addSelect] },
  },
})
"
`;
